// Jest Snapshot v1, https://goo.gl/fbAQLP

exports[`should render cell 1`] = `
<div
  className="cell"
  onClick={[Function]}
>
  X
</div>
`;
