// Jest Snapshot v1, https://goo.gl/fbAQLP

exports[`should render restart button 1`] = `
<button
  className="button"
  onClick={[Function]}
>
  Play Again
</button>
`;
